0. How many subs?
wintermancer@lapbox ~/reddit_api/project $ cat 0-main.py
#!/usr/bin/python3
"""
0-main
"""
import sys

if __name__ == '__main__':
    number_of_subscribers = __import__('0-subs').number_of_subscribers
    if len(sys.argv) < 2:
        print("Please pass an argument for the subreddit to search.")
    else:
        print("{:d}".format(number_of_subscribers(sys.argv[1])))
wintermancer@lapbox ~/reddit_api/project $ python3 0-main.py programming
756024
wintermancer@lapbox ~/reddit_api/project $ python3 0-main.py this_is_a_fake_subreddit
0

1. Top Ten
wintermancer@lapbox ~/reddit_api/project $ cat 1-main.py
#!/usr/bin/python3
"""
1-main
"""
import sys

if __name__ == '__main__':
    top_ten = __import__('1-top_ten').top_ten
    if len(sys.argv) < 2:
        print("Please pass an argument for the subreddit to search.")
    else:
        top_ten(sys.argv[1])
wintermancer@lapbox ~/reddit_api/project $ python3 1-main.py programming
Firebase founder's response to last week's "Firebase Costs increased by 7000%!"
How a 64k intro is made
HTTPS on Stack Overflow: The End of a Long Road
Spend effort on your Git commits
It's a few years old, but I just discovered this incredibly impressive video of researchers reconstructing sounds from video information alone
From the D Blog: Introspection, Introspection Everywhere
Do MVC like itâ€™s 1979
GitHub is moving to GraphQL for v4 of their API (v3 was a REST API)
Google Bug Bounty - The 5k Error Page
PyCon 2017 Talk Videos
wintermancer@lapbox ~/reddit_api/project $ python3 1-main.py this_is_a_fake_subreddit
None
wintermancer@lapbox ~/reddit_api/project $ 

2. Recurse it!
wintermancer@lapbox ~/reddit_api/project $ cat 2-main.py
#!/usr/bin/python3
"""
2-main
"""
import sys

if __name__ == '__main__':
    recurse = __import__('2-recurse').recurse
    if len(sys.argv) < 2:
        print("Please pass an argument for the subreddit to search.")
    else:
        result = recurse(sys.argv[1])
        if result is not None:
            print(len(result))
        else:
            print("None")
wintermancer@lapbox ~/reddit_api/project $ python3 2-main.py programming
932
wintermancer@lapbox ~/reddit_api/project $ python3 2-main.py this_is_a_fake_subreddit
None

3. Count it!
bob@dylan $ cat 100-main.py 
#!/usr/bin/python3
"""
100-main
"""
import sys

if __name__ == '__main__':
    count_words = __import__('100-count').count_words
    if len(sys.argv) < 3:
        print("Usage: {} <subreddit> <list of keywords>".format(sys.argv[0]))
        print("Ex: {} programming 'python java javascript'".format(sys.argv[0]))
    else:
        result = count_words(sys.argv[1], [x for x in sys.argv[2].split()])
bob@dylan $             
bob@dylan $ python3 100-main.py programming 'react python java javascript scala no_results_for_this_one'
java: 27
javascript: 20
python: 17
react: 17
scala: 4
bob@dylan $ python3 100-main.py programming 'JavA java'
java: 54
bob@dylan $ python3 100-main.py not_a_valid_subreddit 'python java javascript scala no_results_for_this_one'
bob@dylan $ python3 100-main.py not_a_valid_subreddit 'python java'
bob@dylan $ 
